// Jest Snapshot v1, https://goo.gl/fbAQLP

exports[`video_details_page.vue matches snapshot 1`] = `
<div class="home">
  <div class="container">
    <div class="courses-nav">
      <ul>
        <li><a href="#home" class="current-program ">Web Development</a></li>
        <li><a href="#">User Experience</a></li>
        <li><a href="#">Development environments</a></li>
        <li><a href="#home">Web programming</a></li>
        <li><a href="#">Web - Data</a></li>
        <li><a href="#">Web - Frontend</a></li>
      </ul>
    </div>
    <div class="content-video">
      <div class="row">
        <div class="col-8">
          <div class="video"><video width="400" controls="controls">
              <source>
              Your browser does not support HTML video.
            </video>
            <div class="video-header">
              <h1>Video Title</h1>
              <p class="details"> | </p>
              <p class="description">
                There are many variations of passages of Lorem Ipsum available, but the majority
                have suffered alteration in some form, by injected humour.
              </p>
            </div>
          </div>
          <div class="commentSection">
            <div class="write-comment"><img src="../assets/img/profile-pic.jpg"> <input type="text" name="comment" placeholder="Write a comment.."></div>
          </div>
        </div>
        <div class="col">
          <div class="autoplay">
            <div class="video-card card mb-3" style="max-width: 540px;">
              <div class="row no-gutters">
                <div class="col-md-6"><img src="../assets/img/video-temp-02.png" alt="..." class="card-img"></div>
                <div class="col-md-6">
                  <div class="card-body">
                    <h2 class="card-title">Video Title</h2>
                    <p class="card-text">Victor Ky</p>
                    <p class="card-text">4 days ago</p>
                  </div>
                </div>
              </div>
            </div>
          </div>
        </div>
      </div>
    </div>
  </div>
</div>
`;
